// Jest Snapshot v1, https://goo.gl/fbAQLP

exports[`Event should match snapshot 1`] = `
<article
  className="event"
>
  <h4 />
  <h4>
    Event
  </h4>
  <p />
  <p>
    No available Address
  </p>
  <p />
</article>
`;
