// Jest Snapshot v1, https://goo.gl/fbAQLP

exports[`EventContainer should matchsnapshot 1`] = `ShallowWrapper {}`;
